1745080366387:ag
1745080852484:ab
1745080860677:bbid 1
1745080888017:bins 'My book' 1 1,2
1745080896290:ab
1745081708089:aa
1745081722269:ag
1745081725510:ac
1745081748231:acb 1
1745081843616:ab
1745081859838:ac
1745081868984:ac 1
1745081932956:acb 2
1745262738076:ag
1745262743041:ab
1745262752079:aa
1745262757197:ag
1745262765761:ab
1745262767131:ac
1745264789554:aa
1745265078006:ag
1745362260397:aa
1745362262271:ag
1745362265583:ab
1745364944841:ac
1745364947168:ac 1
1745364962372:ac "6806a810be6ff021e25c80f5"
1745364968758:ac 6806a810be6ff021e25c80f5
1745365011373:ac "6806a810be6ff021e25c80f5"
1745365032177:ac 6806a810be6ff021e25c80f5
1745365095991:cins "Great book" 6806a810be6ff021e25c80f5
1745365113970:cins "Great Book" "6806a810be6ff021e25c80f5"
1745365188722:cins "Great book" "6806a810be6ff021e25c80f5"
1745365250388:cins "great" "6806a810be6ff021e25c80f5"
1745365265560:ab
1745365288028:cins "Great book" 1
1745365344609:ac 1
1745365372198:acb 1
1745365407712:cupd 68082951ec937d5b227a86e6 "updated comment" 1
1745365413386:acb 1
1745365417369:ab
1745365464773:bins "Hamsa" 1 1,2,3,4,5
1745365471523:ab
1745365543345:bins "Hamsa" 1 1,2,3,4
1745365546466:ab
1745365794172:bins "Matematika" 3 6,5,4,3,2,1
1745365806186:ab
1745366015961:bins "test" 2 1,2,3,4
1745366027719:ab
1747238025909:aa
1747238031307:ag
1747238153904:ab
1747238156505:ag
1747238160862:aa
1747238293908:ab
1747238295484:ag
1747238333362:ab
